
> rest-express@1.0.0 build
> tsx script/build.ts

building client...
[36mvite v7.3.0 [32mbuilding client environment for production...[36m[39m
transforming...
[32mΓ£ô[39m 2583 modules transformed.
rendering chunks...
computing gzip size...
[2m../dist/public/[22m[32mindex.html                 [39m[1m[2m  2.10 kB[22m[1m[22m[2m Γöé gzip:   0.81 kB[22m
[2m../dist/public/[22m[35massets/index-DsSfWQa5.css  [39m[1m[2m100.89 kB[22m[1m[22m[2m Γöé gzip:  15.74 kB[22m
[2m../dist/public/[22m[36massets/index-Cu5z4_5p.js   [39m[1m[33m977.53 kB[39m[22m[2m Γöé gzip: 294.66 kB[22m
node.exe : [33m
At C:\Users\biran\App
Data\Roaming\npm\npm.
ps1:24 char:5
+     & "node$exe"  "
$basedir/node_modules
/npm/bin/npm-cli.js" 
$args
+     ~~~~~~~~~~~~~~~
~~~~~~~~~~~~~~~~~~~~~
~~~~~~~~~~~~~~~~~~~~~
~~~~~
    + CategoryInfo   
           : NotSpe  
  cified: ([33m:S   
 tring) [], Remot    
eException
    + FullyQualified 
   ErrorId : Native  
  CommandError
 
(!) Some chunks are 
larger than 500 kB 
after minification. 
Consider:
- Using dynamic 
import() to 
code-split the 
application
- Use build.rollupOpt
ions.output.manualChu
nks to improve 
chunking: https://rol
lupjs.org/configurati
on-options/#output-ma
nualchunks
- Adjust chunk size 
limit for this 
warning via build.chu
nkSizeWarningLimit.[
39m
[32mΓ£ô built in 6.07s[39m
building server...

  dist\index.cjs     
 1.1mb
  dist\index.cjs.map 
 3.0mb

Done in 133ms
