
> rest-express@1.0.0 check
> tsc

server/routes.ts(47,44): error TS2345: Argument of type 'number' is not assignable to parameter of type 'string'.
server/routes.ts(65,9): error TS2353: Object literal may only specify known properties, and 'status' does not exist in type '{ name: string; category: string; shortDescription: string; fullDescription: string; iconUrl: string; pwaUrl: string; screenshots?: string[] | undefined; apkUrl?: string | undefined; fileSize?: number | undefined; versionName?: string | undefined; versionCode?: number | undefined; } & { ...; }'.
server/routes.ts(93,53): error TS2345: Argument of type 'number' is not assignable to parameter of type 'string'.
server/routes.ts(114,42): error TS2345: Argument of type 'number' is not assignable to parameter of type 'string'.
server/routes.ts(122,29): error TS2345: Argument of type 'number' is not assignable to parameter of type 'string'.
server/storage.ts(4,10): error TS2300: Duplicate identifier 'randomUUID'.
server/storage.ts(5,10): error TS2300: Duplicate identifier 'randomUUID'.
